../Core/Src/main.c:97:5:main	72	static
../Core/Src/main.c:155:6:SystemClock_Config	72	static
../Core/Src/main.c:194:13:MX_TIM1_Init	56	static
../Core/Src/main.c:244:13:MX_TIM2_Init	56	static
../Core/Src/main.c:293:13:MX_TIM3_Init	56	static
../Core/Src/main.c:342:13:MX_TIM4_Init	64	static
../Core/Src/main.c:409:13:MX_USART2_UART_Init	8	static
../Core/Src/main.c:442:13:MX_GPIO_Init	40	static
../Core/Src/main.c:489:6:drive_motor	16	static
../Core/Src/main.c:518:6:Error_Handler	4	static,ignoring_inline_asm
